
ADMIN@DESKTOP-GPO5CUT MINGW64 ~
$ cd d:

ADMIN@DESKTOP-GPO5CUT MINGW64 /d
$ cd sampledemo/

ADMIN@DESKTOP-GPO5CUT MINGW64 /d/sampledemo
$ git init
Initialized empty Git repository in D:/sampledemo/.git/

ADMIN@DESKTOP-GPO5CUT MINGW64 /d/sampledemo (master)
$ git init
Reinitialized existing Git repository in D:/sampledemo/.git/

ADMIN@DESKTOP-GPO5CUT MINGW64 /d/sampledemo (master)
$ git config --global user.name "dameeta"

ADMIN@DESKTOP-GPO5CUT MINGW64 /d/sampledemo (master)
$ git config --global user.email "dameeta835@gmail.com"
ADMIN@DESKTOP-GPO5CUT MINGW64 /d/sampledemo (master)
$ git status
On branch master

No commits yet

Untracked files:
  (use "git add <file>..." to include in what will be committed)
        hello.txt

nothing added to commit but untracked files present (use "git add" to track)

ADMIN@DESKTOP-GPO5CUT MINGW64 /d/sampledemo (master)
$ git add .

ADMIN@DESKTOP-GPO5CUT MINGW64 /d/sampledemo (master)
$ git status
On branch master

No commits yet

Changes to be committed:
  (use "git rm --cached <file>..." to unstage)
        new file:   hello.txt


ADMIN@DESKTOP-GPO5CUT MINGW64 /d/sampledemo (master)
$ git commit -m "demo commit"
[master (root-commit) a52211e] demo commit
 1 file changed, 1 insertion(+)
 create mode 100644 hello.txt

ADMIN@DESKTOP-GPO5CUT MINGW64 /d/sampledemo (master)
$ git remote add origin https://github.com/dameeta/reactjs.git

ADMIN@DESKTOP-GPO5CUT MINGW64 /d/sampledemo (master)
$ git push -u origin master
Enumerating objects: 3, done.
Counting objects: 100% (3/3), done.
Writing objects: 100% (3/3), 221 bytes | 221.00 KiB/s, done.
Total 3 (delta 0), reused 0 (delta 0), pack-reused 0
To https://github.com/dameeta/reactjs.git
 * [new branch]      master -> master
branch 'master' set up to track 'origin/master'.

ADMIN@DESKTOP-GPO5CUT MINGW64 /d/sampledemo (master)
$


git config --global user.name "FIRST_NAME LAST_NAME"
git config --global user.email "MY_NAME@example.com"